// Jest Snapshot v1, https://goo.gl/fbAQLP

exports[`<Button /> Should render the medium size by default 1`] = `
.c0 {
  background: linear-gradient(180deg,#ff5f5f 0%,#f062c0 50%);
  color: #FAFAFA;
  border: 0;
  border-radius: 0.4rem;
  padding: 0.8rem;
  cursor: pointer;
  -webkit-transition: filter 0.2s;
  transition: filter 0.2s;
  height: 4rem;
  font-size: 1.4rem;
  padding: 0.8rem 3.2rem;
}

.c0:hover {
  -webkit-filter: brightness(0.9);
  filter: brightness(0.9);
}

.c0:disabled {
  opacity: 0.6;
  cursor: not-allowed;
}

<button
  class="c0"
>
  <span>
    Buy now
  </span>
</button>
`;
